16:50:19 **** Incremental Build of configuration Debug for project PIT_TEST ****
make -j4 all 
arm-none-eabi-gcc "../Core/Src/main.c" -mcpu=cortex-m4 -std=gnu11 -g3 -DUSE_HAL_DRIVER -DDEBUG -DSTM32F407xx -c -I../Core/Inc -I../Drivers/STM32F4xx_HAL_Driver/Inc -I../Drivers/STM32F4xx_HAL_Driver/Inc/Legacy -I../Drivers/CMSIS/Device/ST/STM32F4xx/Include -I../Drivers/CMSIS/Include -I../USB_DEVICE/App -I../USB_DEVICE/Target -I../Middlewares/ST/STM32_USB_Device_Library/Core/Inc -I../Middlewares/ST/STM32_USB_Device_Library/Class/CDC/Inc -O0 -ffunction-sections -fdata-sections -Wall -fstack-usage -MMD -MP -MF"Core/Src/main.d" -MT"Core/Src/main.o" --specs=nano.specs -mfpu=fpv4-sp-d16 -mfloat-abi=hard -mthumb -o "Core/Src/main.o"
arm-none-eabi-gcc -o "PIT_TEST.elf" @"objects.list"   -mcpu=cortex-m4 -T"D:\PROJECTS\UrbanSmartGrid\T-LOG Projects\PROJECTS\SOFT\STEND\PIT_TEST\STM32F407IGHX_FLASH.ld" --specs=nosys.specs -Wl,-Map="PIT_TEST.map" -Wl,--gc-sections -static --specs=nano.specs -mfpu=fpv4-sp-d16 -mfloat-abi=hard -mthumb -Wl,--start-group -lc -lm -Wl,--end-group
Finished building target: PIT_TEST.elf
 
arm-none-eabi-objdump -h -S  PIT_TEST.elf  > "PIT_TEST.list"
arm-none-eabi-objcopy  -O binary  PIT_TEST.elf  "PIT_TEST.bin"
arm-none-eabi-size   PIT_TEST.elf 
   text	   data	    bss	    dec	    hex	filename
  25904	    492	  10516	  36912	   9030	PIT_TEST.elf
Finished building: default.size.stdout
 
Finished building: PIT_TEST.bin
 
Finished building: PIT_TEST.list
 
16:50:30 **** Incremental Build of configuration Debug for project PIT_TEST ****
make -j4 all 
arm-none-eabi-size   PIT_TEST.elf 
   text	   data	    bss	    dec	    hex	filename
  25904	    492	  10516	  36912	   9030	PIT_TEST.elf
Finished building: default.size.stdout
 
